// Jest Snapshot v1, https://goo.gl/fbAQLP

exports[`invalid paths should redirect to 404 1`] = `
<div>
  Loading...
</div>
`;
